../Core/Src/stm32f4xx_it.c:95:6:NMI_Handler	4	static
../Core/Src/stm32f4xx_it.c:110:6:HardFault_Handler	4	static
../Core/Src/stm32f4xx_it.c:125:6:MemManage_Handler	4	static
../Core/Src/stm32f4xx_it.c:140:6:BusFault_Handler	4	static
../Core/Src/stm32f4xx_it.c:155:6:UsageFault_Handler	4	static
../Core/Src/stm32f4xx_it.c:170:6:SVC_Handler	4	static
../Core/Src/stm32f4xx_it.c:183:6:DebugMon_Handler	4	static
../Core/Src/stm32f4xx_it.c:196:6:PendSV_Handler	4	static
../Core/Src/stm32f4xx_it.c:209:6:SysTick_Handler	8	static
../Core/Src/stm32f4xx_it.c:230:6:USART1_IRQHandler	8	static
../Core/Src/stm32f4xx_it.c:244:6:TIM6_DAC_IRQHandler	64	static
../Core/Src/stm32f4xx_it.c:277:6:HAL_UART_RxCpltCallback	24	static
../Core/Src/stm32f4xx_it.c:317:6:HAL_UART_TxCpltCallback	16	static
